# GAP-019/GAP-021 reference delta diff (fresh clone pinned at 296e0138c4744ed485b2e95de3eeb466c17629ee)
2026-09-27T16:42:21Z

## scripts/run-js-tests.js delta (test-registration only)
diff --git a/scripts/run-js-tests.js b/scripts/run-js-tests.js
index 254b93cc..2a8231c0 100644
--- a/scripts/run-js-tests.js
+++ b/scripts/run-js-tests.js
@@ -65,6 +65,8 @@ const testEntries = [
   { file: 'shaders/tests/test_frame_readback.js', parity: false },
   { file: 'shaders/tests/test_image_metrics.js', parity: false },
   { file: 'shaders/tests/test_frame_warmup.js', parity: false },
+  { file: 'shaders/tests/test_frame_resolution.js', parity: false },
+  { file: 'shaders/tests/test_passthrough_input.js', parity: false },
   { file: 'shaders/tests/test_definition_schema.js', parity: false },
   { file: 'test/generators.test.js', parity: false },
   { file: 'test/parser.test.js', parity: false },

## shaders/tests/ delta (harness modules; the only shaders/ surface touched)
 shaders/tests/frame-resolution.js       |  95 +++++++
 shaders/tests/passthrough-input.js      | 489 ++++++++++++++++++++++++++++++++
 shaders/tests/test-harness.js           | 104 ++++++-
 shaders/tests/test_frame_resolution.js  | 189 ++++++++++++
 shaders/tests/test_passthrough_input.js | 259 +++++++++++++++++
 5 files changed, 1135 insertions(+), 1 deletion(-)

## shaders/{effects,glsl,lang,src} diff across the delta
(empty = no effect-definition, GLSL, DSL-op, or runtime changes)

## effect-catalog parity at the new pin
upstream definition.js files: 210 | port effect JSONs: 210
only-upstream: [] | only-port: []
port transpiled programs (.createinfo.json): 309
shaders/{effects,glsl,lang,src} diff empty across the delta; committed goldens unchanged and still valid.
