GHOST/Wayland: error: XDG_RUNTIME_DIR is invalid or not set in the environment.
/state/cache/scratch/nm-blender/blender-5.1.2-linux-x64/blender() [0x10b31ed]
/state/cache/scratch/nm-blender/blender-5.1.2-linux-x64/blender() [0x10b3353]
/lib/x86_64-linux-gnu/libwayland-client.so.0(+0xb94a) [0x7d0118a1294a]
/lib/x86_64-linux-gnu/libwayland-client.so.0(wl_display_connect+0x2d2) [0x7d0118a0eb02]
/state/cache/scratch/nm-blender/blender-5.1.2-linux-x64/blender() [0x186412c]
/state/cache/scratch/nm-blender/blender-5.1.2-linux-x64/blender() [0x1844b5d]
/state/cache/scratch/nm-blender/blender-5.1.2-linux-x64/blender() [0x14fd901]
/state/cache/scratch/nm-blender/blender-5.1.2-linux-x64/blender() [0x14d4fc5]
/state/cache/scratch/nm-blender/blender-5.1.2-linux-x64/blender() [0x757f8c]
/lib/x86_64-linux-gnu/libc.so.6(+0x2724a) [0x7d011cc2b24a]
/lib/x86_64-linux-gnu/libc.so.6(__libc_start_main+0x85) [0x7d011cc2b305]
/state/cache/scratch/nm-blender/blender-5.1.2-linux-x64/blender() [0x78000e]
Failed to create /home/node/.cache for shader cache (Read-only file system)---disabling.
NMR WARN uniform resolution (VEC2) not set — value kept its shader default — value=[256.0, 256.0]
NMR WARN uniform wrap (BOOL) not set — value kept its shader default — value=True
NMR WARN uniform tileOffset (VEC2) not set — value kept its shader default — value=[0.0, 0.0]
NMR WARN uniform fullResolution (VEC2) not set — value kept its shader default — value=[256.0, 256.0]
NMR OK adjust.candidate.png mean=[108.6, 113.7, 111.2, 255.0] px00=[63, 84, 32, 255] pxCtr=[144, 244, 185, 255]
00:07.731  blend            | Saved session recovery to "/state/cache/scratch/quit.blend"

Blender quit
