Failed to create /home/node/.cache for shader cache (Read-only file system)---disabling.
Traceback (most recent call last):
  File "/workspace/repos/noisemaker-for-blender/blender/noisemaker_blender/ops/bake.py", line 141, in execute
    img = _write_image(name, arr)
  File "/workspace/repos/noisemaker-for-blender/blender/noisemaker_blender/ops/bake.py", line 80, in _write_image
    img.pixels.foreach_set(flat)
    ~~~~~~~~~~~~~~~~~~~~~~^^^^^^
TypeError: expected sequence size 8192, got 262144
00:09.709  bpy.rna          | ERROR Python script error in NOISEMAKER_OT_bake.execute
Traceback (most recent call last):
  File "/workspace/repos/noisemaker-for-blender/blender/harness/test_bake_ownership.py", line 231, in _t
    run_sync_phase()
    ~~~~~~~~~~~~~~^^
  File "/workspace/repos/noisemaker-for-blender/blender/harness/test_bake_ownership.py", line 81, in run_sync_phase
    r = bpy.ops.noisemaker.bake('EXEC_DEFAULT', dsl=src, image_name="NM_user_a",
                                size=SIZE, time=TIME)
RuntimeError: Error: Python: Traceback (most recent call last):
  File "/workspace/repos/noisemaker-for-blender/blender/noisemaker_blender/ops/bake.py", line 141, in execute
    img = _write_image(name, arr)
  File "/workspace/repos/noisemaker-for-blender/blender/noisemaker_blender/ops/bake.py", line 80, in _write_image
    img.pixels.foreach_set(flat)
    ~~~~~~~~~~~~~~~~~~~~~~^^^^^^
TypeError: expected sequence size 8192, got 262144
Location: /workspace/repos/noisemaker-for-blender/blender/harness/test_bake_ownership.py:81

00:10.347  blend            | Saved session recovery to "/state/cache/scratch/quit.blend"
NMR WARN uniform resolution (VEC2) not set — value kept its shader default — value=[256.0, 256.0]
NMR WARN uniform wrap (BOOL) not set — value kept its shader default — value=True
NMR WARN uniform tileOffset (VEC2) not set — value kept its shader default — value=[0.0, 0.0]
NMR WARN uniform fullResolution (VEC2) not set — value kept its shader default — value=[256.0, 256.0]
Error: Python: Traceback (most recent call last):
  File "/workspace/repos/noisemaker-for-blender/blender/noisemaker_blender/ops/bake.py", line 141, in execute
    img = _write_image(name, arr)
  File "/workspace/repos/noisemaker-for-blender/blender/noisemaker_blender/ops/bake.py", line 80, in _write_image
    img.pixels.foreach_set(flat)
    ~~~~~~~~~~~~~~~~~~~~~~^^^^^^
TypeError: expected sequence size 8192, got 262144
Location: /workspace/repos/noisemaker-for-blender/blender/harness/test_bake_ownership.py:81
GAP005 FAIL (exception):

Blender quit
