# GAP-006 candidate — archive license + version identity (base d9a4243) — generated 2026-09-26T23:30:18Z
# environment: Linux container, python 3.11.2 venv (numpy 2.5.3, pillow 12.3.0) — no Blender binary on host; compiler gates regenerated against a fresh reference clone pinned at 6a0af04d3c4f (see check_*.log: 20/20 lex/parse/compile, 19/19 expand/graph); bpy 5.2.2 wheel module used as the Blender-host for the upgrade-cycle harness (environment disclosed, as in the committed test_backend_contract.log)

test_3d_fixture_coverage.py: OK
test_archive_identity.py: OK
test_artistic_matrix.py: OK
test_audio_nested_automation.py: OK
test_automation_runtime.py: OK
test_batch_compare.py: OK
test_compiler.py: OK
test_frame_export.py: OK
test_midi_device_selection.py: OK
test_midi_expression.py: OK
test_pipeline_limits.py: OK
test_pipeline_sink.py: OK
test_runtime_sink.py: OK
test_text_style.py: OK
test_texture_pooling.py: OK
test_transform.py: OK

--- upgrade-cycle harness (bpy 5.2.2 module, isolated BLENDER_USER_RESOURCES, clean host):
# installs the SERVED kit 0.1.26 engine zip (bl_info 0.1.0), then the candidate archive
# (bl_info (0,1,1) + LICENSE.txt), then removes — full log: upgrade-cycle.log
# (harness: /state/cache/scratch/gap006_upgrade_cycle.py — steps and outcomes below)
UPGRADE-CYCLE PASS — install previous (0,1,0, no notice, reproducing GAP-006) OK; upgrade via
addon_install OK; upgraded version (0,1,1) OK; LICENSE.txt present + MIT text OK; enable OK;
inventory 869 entries OK; disable OK; removal OK.
