addon_install(base) -> {'FINISHED'}
  OK   previous distribution installs via addon_install on a clean host
  OK   installed entry point exists
module changed on disk: '/state/cache/scratch/userres2/scripts/addons/noisemaker_blender/__init__.py' reloading...
  OK   previous distribution enables
  base bl_info version: (0, 1, 0)
  OK   installed previous version is (0, 1, 0)
  OK   previous distribution has no license notice (reproducing GAP-006)
addon_install(cand) -> {'FINISHED'}
  OK   candidate archive installs over the previous one (upgrade)
  upgraded bl_info version: (0, 1, 1)
  OK   upgraded add-on identifies itself as (0, 1, 1) > (0, 1, 0)
  OK   upgraded install carries noisemaker_blender/LICENSE.txt
  OK   installed notice is the MIT license text
module changed on disk: '/state/cache/scratch/userres2/scripts/addons/noisemaker_blender/__init__.py' reloading...
  OK   upgraded add-on enables
  OK   candidate archive inventory: 869 entries including the notice
  OK   upgraded add-on disables
  OK   module no longer importable after removal
UPGRADE-CYCLE PASS
