# GAP-004 gate log; run_utc=2026-09-26T18:41:35Z; host=Linux 6.8.0-134-generic x86_64; golden_source=parity/out/ regenerated from declared authority 8eeb7b5ac14eb37a8d16037f607a88ce63924cd3 (noisemaker v1.0.183) via parity/regen-compiler-goldens.sh; byte-identity attested by gap004/hash-verify.log (same-session read-only run, stamped before this log); base=61f74bc (published origin/main at run time); candidate_delta=evidence/docs-only commit atop this base (no product code), so these results apply unchanged to the candidate tip
PASS -7d-cA      (271 tokens)
PASS 0BgVzw      (333 tokens)
PASS 1Hjbig      (319 tokens)
PASS 2ifcpA      (295 tokens)
PASS 8jayhg      (218 tokens)
PASS 8xAerw      (231 tokens)
PASS B5oBsA      (198 tokens)
PASS GyzQxg      (321 tokens)
PASS JSBacg      (245 tokens)
PASS MQ2ojg      (112 tokens)
PASS _kRK7A      (123 tokens)
PASS awB68w      (357 tokens)
PASS bRUa1g      (120 tokens)
PASS bcmaJw      (368 tokens)
PASS kQ_2mw      (411 tokens)
PASS po0FqQ      (103 tokens)
PASS raF8Lw      (233 tokens)
PASS u_8aBg      (307 tokens)
PASS unqOuw      (289 tokens)
PASS zp_G3w      (258 tokens)
lexer parity: 20/20
exit=0
