# GAP-008 unit evidence — 2026-09-27T06:27:00Z
# interpreter: /state/cache/scratch/venv/bin/python (numpy+PIL venv; system python3 lacks numpy for parity/batch-compare.py — environmental)

== parity/test_3d_fixture_coverage.py
Ran 5 tests in 0.037s

OK
== parity/test_archive_identity.py
Ran 5 tests in 0.657s

OK
== parity/test_artistic_matrix.py
Ran 11 tests in 0.365s

OK
== parity/test_audio_nested_automation.py
Ran 6 tests in 0.035s

OK
== parity/test_automation_runtime.py
Ran 9 tests in 0.146s

OK
== parity/test_batch_compare.py
Ran 16 tests in 10.777s

OK
== parity/test_compiler.py
Ran 41 tests in 0.085s

OK
== parity/test_frame_export.py
Ran 8 tests in 0.001s

OK
== parity/test_midi_device_selection.py
Ran 9 tests in 0.037s

OK
== parity/test_midi_expression.py
Ran 8 tests in 0.044s

OK
== parity/test_pipeline_limits.py
Ran 2 tests in 0.000s

OK
== parity/test_pipeline_sink.py
Ran 4 tests in 0.001s

OK
== parity/test_runtime_sink.py
Ran 14 tests in 0.001s

OK
== parity/test_text_style.py
Ran 1 test in 0.029s

OK
== parity/test_texture_pooling.py
Ran 14 tests in 0.002s

OK
== parity/test_transform.py
Ran 20 tests in 0.055s

OK

TOTAL unit tests: 173
