Grading provenance: parity/evidence-2026-09-27/gap001/retained/pure_grader.py — a committed pure-stdlib
mirror of parity/compare.py's integer-exact uint8/8-bit-unit arithmetic over ALL four RGBA channels and its
global SSIM; used because this worker's python lacks numpy/PIL (parity/compare.py import fails here). The
canonical grader produced all other evidence on this job (numpy hosts). Earlier same-log attempts to run
parity/compare.py on this host (11 rc=1 ModuleNotFoundError lines) were discarded and are not reproduced here.

[PASS] adjust_vs_retained_golden: max-abs-diff=0.000 mean-abs-diff=0.0000 ssim=1.00000 (tol=2.0)
rc=0

[PASS] bloom_vs_retained_golden: max-abs-diff=1.000 mean-abs-diff=0.1323 ssim=0.99999 (tol=2.0)
rc=0

[PASS] noise_vs_retained_golden: max-abs-diff=0.000 mean-abs-diff=0.0000 ssim=1.00000 (tol=2.0)
rc=0

[PASS] adjust_exact_vs_retained: max-abs-diff=0.000 mean-abs-diff=0.0000 ssim=1.00000 (tol=0.0)
rc=0

[FAIL] bloom_exact_vs_retained: max-abs-diff=1.000 mean-abs-diff=0.1323 ssim=0.99999 (tol=0.0)
rc=1

[PASS] noise_exact_vs_retained: max-abs-diff=0.000 mean-abs-diff=0.0000 ssim=1.00000 (tol=0.0)
rc=0

[PASS] adjust_candidate_vs_regen: max-abs-diff=0.000 mean-abs-diff=0.0000 ssim=1.00000 (tol=0.0)
rc=0

[PASS] bloom_candidate_vs_regen: max-abs-diff=0.000 mean-abs-diff=0.0000 ssim=1.00000 (tol=0.0)
rc=0
