Failed to create /home/node/.cache for shader cache (Read-only file system)---disabling.
Push constants have a minimum supported size of 128 bytes, however the constants added so far already reach 136 bytes. Consider using UBO.
Push constants have a minimum supported size of 128 bytes, however the constants added so far already reach 144 bytes. Consider using UBO.
Push constants have a minimum supported size of 128 bytes, however the constants added so far already reach 152 bytes. Consider using UBO.
Push constants have a minimum supported size of 128 bytes, however the constants added so far already reach 136 bytes. Consider using UBO.
Push constants have a minimum supported size of 128 bytes, however the constants added so far already reach 152 bytes. Consider using UBO.
Push constants have a minimum supported size of 128 bytes, however the constants added so far already reach 144 bytes. Consider using UBO.
Push constants have a minimum supported size of 128 bytes, however the constants added so far already reach 152 bytes. Consider using UBO.
Push constants have a minimum supported size of 128 bytes, however the constants added so far already reach 160 bytes. Consider using UBO.
Push constants have a minimum supported size of 128 bytes, however the constants added so far already reach 168 bytes. Consider using UBO.
Push constants have a minimum supported size of 128 bytes, however the constants added so far already reach 160 bytes. Consider using UBO.
Push constants have a minimum supported size of 128 bytes, however the constants added so far already reach 168 bytes. Consider using UBO.
Push constants have a minimum supported size of 128 bytes, however the constants added so far already reach 176 bytes. Consider using UBO.
Push constants have a minimum supported size of 128 bytes, however the constants added so far already reach 184 bytes. Consider using UBO.
Push constants have a minimum supported size of 128 bytes, however the constants added so far already reach 136 bytes. Consider using UBO.
Push constants have a minimum supported size of 128 bytes, however the constants added so far already reach 144 bytes. Consider using UBO.
Push constants have a minimum supported size of 128 bytes, however the constants added so far already reach 152 bytes. Consider using UBO.
Push constants have a minimum supported size of 128 bytes, however the constants added so far already reach 136 bytes. Consider using UBO.
Push constants have a minimum supported size of 128 bytes, however the constants added so far already reach 152 bytes. Consider using UBO.
Push constants have a minimum supported size of 128 bytes, however the constants added so far already reach 144 bytes. Consider using UBO.
Push constants have a minimum supported size of 128 bytes, however the constants added so far already reach 152 bytes. Consider using UBO.
Push constants have a minimum supported size of 128 bytes, however the constants added so far already reach 160 bytes. Consider using UBO.
Push constants have a minimum supported size of 128 bytes, however the constants added so far already reach 168 bytes. Consider using UBO.
Push constants have a minimum supported size of 128 bytes, however the constants added so far already reach 160 bytes. Consider using UBO.
Push constants have a minimum supported size of 128 bytes, however the constants added so far already reach 168 bytes. Consider using UBO.
Push constants have a minimum supported size of 128 bytes, however the constants added so far already reach 176 bytes. Consider using UBO.
Push constants have a minimum supported size of 128 bytes, however the constants added so far already reach 184 bytes. Consider using UBO.
Push constants have a minimum supported size of 128 bytes, however the constants added so far already reach 136 bytes. Consider using UBO.
Push constants have a minimum supported size of 128 bytes, however the constants added so far already reach 144 bytes. Consider using UBO.
Push constants have a minimum supported size of 128 bytes, however the constants added so far already reach 152 bytes. Consider using UBO.
Push constants have a minimum supported size of 128 bytes, howeveNMR OK arch_landscape_default.png mean=[4.6, 8.4, 14.5, 255.0] px00=[6, 11, 19, 255] pxCtr=[0, 0, 0, 255]
NMR OK arch_landscape_voxel.png mean=[4.6, 8.4, 14.5, 255.0] px00=[6, 11, 19, 255] pxCtr=[0, 0, 0, 255]
NMR OK arch_landscape_isosurface.png mean=[5.0, 8.8, 14.9, 255.0] px00=[6, 11, 19, 255] pxCtr=[0, 0, 0, 255]
00:12.690  blend            | Saved session recovery to "/state/cache/scratch/quit.blend"
r the constants added so far already reach 136 bytes. Consider using UBO.
Push constants have a minimum supported size of 128 bytes, however the constants added so far already reach 152 bytes. Consider using UBO.
Push constants have a minimum supported size of 128 bytes, however the constants added so far already reach 144 bytes. Consider using UBO.
Push constants have a minimum supported size of 128 bytes, however the constants added so far already reach 152 bytes. Consider using UBO.
Push constants have a minimum supported size of 128 bytes, however the constants added so far already reach 160 bytes. Consider using UBO.
Push constants have a minimum supported size of 128 bytes, however the constants added so far already reach 168 bytes. Consider using UBO.
Push constants have a minimum supported size of 128 bytes, however the constants added so far already reach 160 bytes. Consider using UBO.
Push constants have a minimum supported size of 128 bytes, however the constants added so far already reach 168 bytes. Consider using UBO.
Push constants have a minimum supported size of 128 bytes, however the constants added so far already reach 176 bytes. Consider using UBO.
Push constants have a minimum supported size of 128 bytes, however the constants added so far already reach 184 bytes. Consider using UBO.

Blender quit
archive render exit=0
