Failed to create /home/node/.cache for shader cache (Read-only file system)---disabling.
Push constants have a minimum supported size of 128 bytes, however the constants added so far already reach 136 bytes. Consider using UBO.
Push constants have a minimum supported size of 128 bytes, however the constants added so far already reach 144 bytes. Consider using UBO.
Push constants have a minimum supported size of 128 bytes, however the constants added so far already reach 152 bytes. Consider using UBO.
Push constants have a minimum supported size of 128 bytes, however the constants added so far already reach 136 bytes. Consider using UBO.
Push constants have a minimum supported size of 128 bytes, however the constants added so far already reach 152 bytes. Consider using UBO.
Push constants have a minimum supported size of 128 bytes, however the constants added so far already reach 144 bytes. Consider using UBO.
Push constants have a minimum supported size of 128 bytes, however the constants added so far already reach 152 bytes. Consider using UBO.
Push constants have a minimum supported size of 128 bytes, however the constants added so far already reach 160 bytes. Consider using UBO.
Push constants have a minimum supported size of 128 bytes, however the constants added so far already reach 168 bytes. Consider using UBO.
Push constants have a minimum supported size of 128 bytes, however the constants added so far already reach 160 bytes. Consider using UBO.
Push constants have a minimum supported size of 128 bytes, however the constants added so far already reach 168 bytes. Consider using UBO.
Push constants have a minimum supported size of 128 bytes, however the constants added so far already reach 176 bytes. Consider using UBO.
Push constants have a minimum supported size of 128 bytes, however the constants added so far already reach 184 bytes. Consider using UBO.
Push constants have a minimum supported size of 128 bytes, however the constants added so far already reach 136 bytes. Consider using UBO.
Push constants have a minimum supported size of 128 bytes, however the constants added so far already reach 144 bytes. Consider using UBO.
Push constants have a minimum supported size of 128 bytes, however the constants added so far already reach 152 bytes. Consider using UBO.
Push constants have a minimum supported size of 128 bytes, however the constants added so far already reach 136 bytes. Consider using UBO.
Push constants have a minimum supported size of 128 bytes, however the constants added so far already reach 152 bytes. Consider using UBO.
Push constants have a minimum supported size of 128 bytes, however the constants added so far already reach 144 bytes. Consider using UBO.
Push constants have a minimum supported size of 128 bytes, however the constants added so far already reach 152 bytes. Consider using UBO.
Push constants have a minimum supported size of 128 bytes, however the constants added so far already reach 160 bytes. Consider using UBO.
Push constants have a minimum supported size of 128 bytes, however the constants added so far already reach 168 bytes. Consider using UBO.
Push constants have a minimum supported size of 128 bytes, however the constants added so far already reach 160 bytes. Consider using UBO.
Push constants have a minimum supported size of 128 bytes, however the constants added so far already reach 168 bytes. Consider using UBO.
Push constants have a minimum supported size of 128 bytes, however the constants added so far already reach 176 bytes. Consider using UBO.
Push constants have a minimum supported size of 128 bytes, however the constants added so far already reach 184 bytes. Consider using UBO.
Push constants have a minimum supported size of 128 bytes, however the constants added so far already reach 136 bytes. Consider using UBO.
Push constants have a minimum supported size of 128 bytes, however the constants added so far already reach 144 bytes. Consider using UBO.
Push constants have a minimum supported size of 128 bytes, however the constants added so far already reach 152 bytes. Consider using UBO.
Push constants have a minimum supported size of 128 bytes, howeveNMR WARN uniform resolution (VEC2) not set — value kept its shader default — value=[256.0, 256.0]
NMR WARN uniform wrap (BOOL) not set — value kept its shader default — value=True
NMR WARN uniform color1 (VEC3) truncated to the declared 3-component width — value=[0, 0.43137254901960786, 0.5803921568627451, 1]
NMR WARN uniform color2 (VEC3) truncated to the declared 3-component width — value=[0.1411764705882353, 0.8941176470588236, 1, 1]
NMR WARN uniform color3 (VEC3) truncated to the declared 3-component width — value=[0.7372549019607844, 1, 0.27450980392156865, 1]
NMR WARN uniform color4 (VEC3) truncated to the declared 3-component width — value=[0.9372549019607843, 1, 1, 1]
NMR WARN uniform rotateX (FLOAT) not set — value kept its shader default — value=0.3
NMR WARN uniform rotateY (FLOAT) not set — value kept its shader default — value=0
NMR WARN uniform rotateZ (FLOAT) not set — value kept its shader default — value=0
NMR WARN uniform viewScale (FLOAT) not set — value kept its shader default — value=0.8
NMR WARN uniform posX (FLOAT) not set — value kept its shader default — value=0
NMR WARN uniform posY (FLOAT) not set — value kept its shader default — value=0
NMR WARN uniform posZ (FLOAT) not set — value kept its shader default — value=0
NMR WARN uniform fieldOfView (FLOAT) not set — value kept its shader default — value=60
NMR OK pk_landscape_default.png mean=[21.7, 43.7, 47.4, 255.0] px00=[6, 11, 19, 255] pxCtr=[88, 212, 215, 255]
NMR OK pk_landscape_voxel.png mean=[21.7, 43.7, 47.4, 255.0] px00=[6, 11, 19, 255] pxCtr=[88, 212, 215, 255]
NMR OK pk_landscape_isosurface.png mean=[22.3, 44.1, 48.0, 255.0] px00=[6, 11, 19, 255] pxCtr=[82, 200, 203, 255]
00:13.110  blend            | Saved session recovery to "/state/cache/scratch/quit.blend"
r the constants added so far already reach 136 bytes. Consider using UBO.
Push constants have a minimum supported size of 128 bytes, however the constants added so far already reach 152 bytes. Consider using UBO.
Push constants have a minimum supported size of 128 bytes, however the constants added so far already reach 144 bytes. Consider using UBO.
Push constants have a minimum supported size of 128 bytes, however the constants added so far already reach 152 bytes. Consider using UBO.
Push constants have a minimum supported size of 128 bytes, however the constants added so far already reach 160 bytes. Consider using UBO.
Push constants have a minimum supported size of 128 bytes, however the constants added so far already reach 168 bytes. Consider using UBO.
Push constants have a minimum supported size of 128 bytes, however the constants added so far already reach 160 bytes. Consider using UBO.
Push constants have a minimum supported size of 128 bytes, however the constants added so far already reach 168 bytes. Consider using UBO.
Push constants have a minimum supported size of 128 bytes, however the constants added so far already reach 176 bytes. Consider using UBO.
Push constants have a minimum supported size of 128 bytes, however the constants added so far already reach 184 bytes. Consider using UBO.

Blender quit
published-kit render exit=0
