Failed to create /home/node/.cache for shader cache (Read-only file system)---disabling.
  reg OK    operator
  reg OK    Scene.noisemaker (NoisemakerSettings)
  reg OK    NOISEMAKER_PT_compositor
  reg OK    NOISEMAKER_PT_image_editor
  node OK   tree='NM Test' node='Noisemaker Program' size=256
Info: Baked 'NM_e2e' (256x256, 1 frame)
  img OK    'NM_e2e' size=(256, 256) float=True colorspace=Non-Color
  dump OK   /tmp/nm_bake_adjust.png
  diag      direct mean=[108.6, 113.7, 111.2, 255.0] px[0,0]=[63, 84, 32, 255] ctr=[144, 244, 185, 255]
  diag      bake   mean=[108.6, 113.7, 111.2, 255.0] px[0,0]=[63, 84, 32, 255] ctr=[144, 244, 185, 255]
  INVARIANT A (bake == direct pipeline): max-abs-diff=0
  INVARIANT B skipped: PIL not available (A already proves the wrapper)
Info: Baked 'NM_sweep_bRUa1g' (256x256, 1 frame)
  sweep OK   A(bake==pipeline) max-diff=0  [bRUa1g]  multi-pass static (perlin->tetraCosine->lighting)
Info: Baked 'NM_sweep_kQ_2mw' (256x256, 1 frame)
  sweep OK   A(bake==pipeline) max-diff=0  [kQ_2mw]  12 passes, 3 write surfaces o0/o1/o2
Info: Baked 'NM_sweep_MQ2ojg' (256x256, 8 frames)
  sweep OK   A(bake==pipeline) max-diff=0  [MQ2ojg]  stateful reactionDiffusion (exercises frames+timestep)
Error: DSL error: Unexpected character '@' at line 1 col 1
  errpath OK invalid-dsl    -> reported: Error: DSL error: Unexpected character '@' at line 1 c
Error: No DSL source set (pick a Text block or a .dsl file)
  errpath OK no-source      -> reported: Error: No DSL source set (pick a Text block or a .dsl 
  unreg OK

INTEGRATION PASS — DSL -> operator -> Image is byte-exact end-to-end
00:12.962  blend            | Saved session recovery to "/state/cache/scratch/quit.blend"
Push constants have a minimum supported size of 128 bytes, however the constants added so far already reach 136 bytes. Consider using UBO.
Push constants have a minimum supported size of 128 bytes, however the constants added so far already reach 136 bytes. Consider using UBO.
Push constants have a minimum supported size of 128 bytes, however the constants added so far already reach 144 bytes. Consider using UBO.
Push constants have a minimum supported size of 128 bytes, however the constants added so far already reach 136 bytes. Consider using UBO.
Push constants have a minimum supported size of 128 bytes, however the constants added so far already reach 136 bytes. Consider using UBO.
Push constants have a minimum supported size of 128 bytes, however the constants added so far already reach 144 bytes. Consider using UBO.
Push constants have a minimum supported size of 128 bytes, however the constants added so far already reach 144 bytes. Consider using UBO.
Push constants have a minimum supported size of 128 bytes, however the constants added so far already reach 144 bytes. Consider using UBO.
Push constants have a minimum supported size of 128 bytes, however the constants added so far already reach 136 bytes. Consider using UBO.
Push constants have a minimum supported size of 128 bytes, however the constants added so far already reach 136 bytes. Consider using UBO.
Push constants have a minimum supported size of 128 bytes, however the constants added so far already reach 144 bytes. Consider using UBO.
Push constants have a minimum supported size of 128 bytes, however the constants added so far already reach 136 bytes. Consider using UBO.
Push constants have a minimum supported size of 128 bytes, however the constants added so far already reach 136 bytes. Consider using UBO.
Push constants have a minimum supported size of 128 bytes, however the constants added so far already reach 144 bytes. Consider using UBO.

Blender quit
exit=0
