[PASS] bloom: max-abs-diff=1.000 mean-abs-diff=0.1460 ssim=0.99998 (tol=2.0, ssim_min=0.98)
rc=0

[FAIL] lens: max-abs-diff=10.000 mean-abs-diff=0.0498 ssim=0.99999 (tol=2.0, ssim_min=0.98)
rc=1

[FAIL] north_star: max-abs-diff=255.000 mean-abs-diff=59.5691 ssim=-0.15266 (tol=2.0, ssim_min=0.98)
rc=1

[PASS] adjust: max-abs-diff=1.000 mean-abs-diff=0.0358 ssim=1.00000 (tol=2.0, ssim_min=0.98)
rc=0

[FAIL] bloom_vs_port_golden_0925: max-abs-diff=1.000 mean-abs-diff=0.0003 ssim=1.00000 (tol=0.0, ssim_min=0.98)
rc=1

[FAIL] lens_vs_port_golden_0925: max-abs-diff=1.000 mean-abs-diff=0.0002 ssim=1.00000 (tol=0.0, ssim_min=0.98)
rc=1

[FAIL] adjust_vs_port_golden_0925: max-abs-diff=1.000 mean-abs-diff=0.0048 ssim=1.00000 (tol=0.0, ssim_min=0.98)
rc=1

[FAIL] north_star_vs_port_golden_0925: max-abs-diff=255.000 mean-abs-diff=14.7768 ssim=0.75231 (tol=2.0, ssim_min=0.98)
rc=1
[PASS] adjust_baked_vs_port_golden_0925: max-abs-diff=1.000 mean-abs-diff=0.0048 ssim=1.00000 (tol=1.0, ssim_min=0.98)
rc=0

[PASS] adjust_baked_vs_reference: max-abs-diff=1.000 mean-abs-diff=0.0358 ssim=1.00000 (tol=2.0, ssim_min=0.98)
rc=0

[PASS] adjust_hostgpu_vs_port_golden_0925: max-abs-diff=1.000 mean-abs-diff=0.0048 ssim=1.00000 (tol=2.0, ssim_min=0.98)
rc=0

sha256 {"adjust.baked.png": "b1d9f6eaf374726a50e5e4c8c836891e03e3c4a79e02435b83db55460c5a32e0"}
