00:00.520  asset.index      | ERROR Index not created: couldn't create folder "~/Library/Caches/Blender/asset-library-indices/05006252667d456c/1af9747ed9cd470c_essentials_brushes-curve_sculpt.blend.index.json".
00:00.528  asset.index      | ERROR Index not created: couldn't create folder "~/Library/Caches/Blender/asset-library-indices/05006252667d456c/19e7737b6a725ab1_essentials_brushes-gp_draw.blend.index.json".
00:00.536  asset.index      | ERROR Index not created: couldn't create folder "~/Library/Caches/Blender/asset-library-indices/05006252667d456c/3bc94ef3ef7c217e_essentials_brushes-gp_sculpt.blend.index.json".
00:00.540  asset.index      | ERROR Index not created: couldn't create folder "~/Library/Caches/Blender/asset-library-indices/05006252667d456c/3dee6b6431e84621_essentials_brushes-gp_vertex.blend.index.json".
00:00.543  asset.index      | ERROR Index not created: couldn't create folder "~/Library/Caches/Blender/asset-library-indices/05006252667d456c/3ea06ec0e50757eb_essentials_brushes-gp_weight.blend.index.json".
00:00.564  asset.index      | ERROR Index not created: couldn't create folder "~/Library/Caches/Blender/asset-library-indices/05006252667d456c/e619d034c2154c34_essentials_brushes-mesh_sculpt.blend.index.json".
00:00.574  asset.index      | ERROR Index not created: couldn't create folder "~/Library/Caches/Blender/asset-library-indices/05006252667d456c/c1f229fde41f54ca_essentials_brushes-mesh_texture.blend.index.json".
00:00.582  asset.index      | ERROR Index not created: couldn't create folder "~/Library/Caches/Blender/asset-library-indices/05006252667d456c/e83eeca5048170d7_essentials_brushes-mesh_vertex.blend.index.json".
00:00.586  asset.index      | ERROR Index not created: couldn't create folder "~/Library/Caches/Blender/asset-library-indices/05006252667d456c/e8f0f001b7a082a1_essentials_brushes-mesh_weight.blend.index.json".
00:00.596  asset.index      | ERROR Index not created: couldn't create folder "~/Library/Caches/Blender/asset-library-indices/05006252667d456c/3d20ad633dcc0745_compositing_nodes_essentials.blend.index.json".
00:00.607  asset.index      | ERROR Index not created: couldn't create folder "~/Library/Caches/Blender/asset-library-indices/05006252667d456c/d8721859531bbaa5_geometry_nodes_essentials.blend.index.json".
00:00.630  asset.index      | ERROR Index not created: couldn't create folder "~/Library/Caches/Blender/asset-library-indices/05006252667d456c/97a2c373d1e15692_procedural_hair_node_assets.blend.index.json".
00:00.634  asset.index      | ERROR Index not created: couldn't create folder "~/Library/Caches/Blender/asset-library-indices/05006252667d456c/e8cf12754cf829b7_shading_nodes_essentials.blend.index.json".
NMR OK bloom.png mean=[116.7, 122.9, 117.9, 255.0] px00=[63, 84, 32, 255] pxCtr=[209, 255, 251, 255]
NMR OK lens.png mean=[106.6, 114.5, 109.8, 255.0] px00=[46, 57, 15, 255] pxCtr=[146, 244, 181, 255]
NMR OK north_star.png mean=[232.9, 216.3, 195.5, 255.0] px00=[48, 20, 19, 255] pxCtr=[223, 166, 94, 255]
NMR OK adjust.png mean=[108.6, 113.7, 111.2, 255.0] px00=[63, 84, 32, 255] pxCtr=[144, 244, 185, 255]
00:01.342  blend            | Saved session recovery to "~/.nmr/runner/b/3ATRKG/t/quit.blend"
Push constants have a minimum supported size of 128 bytes, however the constants added so far already reach 136 bytes. Consider using UBO.
Push constants have a minimum supported size of 128 bytes, however the constants added so far already reach 136 bytes. Consider using UBO.
Push constants have a minimum supported size of 128 bytes, however the constants added so far already reach 144 bytes. Consider using UBO.

Blender quit
